[1/173] Automatic MOC for target qtox_static
[2/172] Building CXX object CMakeFiles/qtox_static.dir/src/widget/tool/identicon.cpp.o
[3/172] Building CXX object CMakeFiles/qtox_static.dir/src/widget/tool/screengrabberchooserrectitem.cpp.o
[4/172] Building CXX object CMakeFiles/qtox_static.dir/src/widget/tool/flyoutoverlaywidget.cpp.o
[5/172] Building CXX object CMakeFiles/qtox_static.dir/src/widget/tool/screengrabberoverlayitem.cpp.o
[6/172] Building CXX object CMakeFiles/qtox_static.dir/src/widget/conferencewidget.cpp.o
[7/172] Building CXX object CMakeFiles/qtox_static.dir/src/widget/tool/screenshotgrabber.cpp.o
[8/172] Building CXX object CMakeFiles/qtox_static.dir/src/widget/style.cpp.o
[9/172] Building CXX object CMakeFiles/qtox_static.dir/src/widget/widget.cpp.o
[10/172] Linking CXX static library libqtox_static.a
[11/172] Automatic MOC for target qtox
[12/172] Automatic MOC for target test_fileprogress
[13/172] Automatic MOC for target test_chatlinestorage
[14/172] Automatic MOC for target test_toxfile
[15/172] Automatic MOC for target test_chatlinecontentproxy
[16/172] Automatic MOC for target test_smileypack
[17/172] Automatic MOC for target test_text
[18/172] Automatic MOC for target test_exiftransform
[19/172] Automatic MOC for target test_textformatter
[20/172] Automatic MOC for target test_conferencemessagedispatcher
[21/172] Automatic MOC for target test_toxid
[22/172] Automatic MOC for target test_chatid
[23/172] Automatic MOC for target test_friendlistmanager
[24/172] Automatic MOC for target test_dbTo11
[25/172] Automatic MOC for target test_messageprocessor
[26/172] Automatic MOC for target test_updateversion
[27/172] Automatic MOC for target test_dbschema
[28/172] Automatic MOC for target test_friendmessagedispatcher
[29/172] Automatic MOC for target test_settings
[30/172] Automatic MOC for target test_offlinemsgengine
[31/172] Automatic MOC for target test_paths
[32/172] Automatic MOC for target test_sessionchatlog
[33/172] Automatic MOC for target test_filesform
[34/172] Automatic MOC for target test_generalform
[35/172] Automatic RCC for assets/smileys/Classic/emoticons.qrc
[36/172] Automatic RCC for assets/smileys/Classic/emoticons.qrc
[37/172] Automatic MOC for target test_videomode
[38/172] Automatic MOC for target test_identicon
[39/172] Automatic MOC for target test_filetransferwidget
[40/172] Automatic MOC for target test_videoframe
[41/172] Automatic MOC for target test_posixsignalnotifier
[42/172] Automatic RCC for assets/res.qrc
[43/172] Building CXX object CMakeFiles/test_chatlinecontentproxy.dir/test_chatlinecontentproxy_autogen/mocs_compilation.cpp.o
[44/172] Automatic MOC for target test_stacktrace
[45/172] Automatic MOC for target test_bsu
[46/172] Building CXX object CMakeFiles/test_chatlinestorage.dir/test_chatlinestorage_autogen/mocs_compilation.cpp.o
[47/172] Automatic MOC for target test_toxstring
[48/172] Building CXX object CMakeFiles/test_text.dir/test_text_autogen/mocs_compilation.cpp.o
[49/172] Automatic MOC for target test_core
[50/172] Building CXX object CMakeFiles/test_textformatter.dir/test_textformatter_autogen/mocs_compilation.cpp.o
[51/172] Automatic MOC for target test_chathistory
[52/172] Building CXX object CMakeFiles/test_chatid.dir/test_chatid_autogen/mocs_compilation.cpp.o
[53/172] Building CXX object CMakeFiles/test_fileprogress.dir/test_fileprogress_autogen/mocs_compilation.cpp.o
[54/172] Building CXX object CMakeFiles/test_toxfile.dir/test_toxfile_autogen/mocs_compilation.cpp.o
[55/172] Building CXX object CMakeFiles/test_toxid.dir/test_toxid_autogen/mocs_compilation.cpp.o
[56/172] Automatic MOC for target test_chatwidget
[57/172] Building CXX object CMakeFiles/test_chatwidget.dir/test_chatwidget_autogen/mocs_compilation.cpp.o
[58/172] Automatic MOC for target test_notificationgenerator
[59/172] Automatic RCC for assets/res.qrc
[60/172] Building CXX object CMakeFiles/test_toxstring.dir/test_toxstring_autogen/mocs_compilation.cpp.o
[61/172] Automatic RCC for assets/res.qrc
[62/172] Building CXX object CMakeFiles/test_bsu.dir/test_bsu_autogen/mocs_compilation.cpp.o
[63/172] Building CXX object CMakeFiles/test_core.dir/test_core_autogen/mocs_compilation.cpp.o
[64/172] Automatic RCC for assets/smileys/Universe/emoticons.qrc
[65/172] Automatic RCC for assets/smileys/Universe/emoticons.qrc
[66/172] Automatic RCC for assets/smileys/EmojiOne/emoticons.qrc
[67/172] Automatic RCC for assets/smileys/EmojiOne/emoticons.qrc
[68/172] Building CXX object CMakeFiles/qtox.dir/qtox_autogen/mocs_compilation.cpp.o
[69/172] Building CXX object CMakeFiles/test_core.dir/test_core_autogen/GBFAFXFCVO/qrc_res.cpp.o
[70/172] Building CXX object CMakeFiles/qtox.dir/qtox_autogen/AB6M4GFYEU/qrc_emoticons.cpp.o
[71/172] Building CXX object CMakeFiles/test_bsu.dir/test_bsu_autogen/GBFAFXFCVO/qrc_res.cpp.o
[72/172] Building CXX object CMakeFiles/qtox.dir/qtox_autogen/GBFAFXFCVO/qrc_res.cpp.o
[73/172] Building CXX object CMakeFiles/test_smileypack.dir/test_smileypack_autogen/mocs_compilation.cpp.o
[74/172] Building CXX object CMakeFiles/qtox.dir/src/main.cpp.o
[75/172] Building CXX object CMakeFiles/test_smileypack.dir/test_smileypack_autogen/AB6M4GFYEU/qrc_emoticons.cpp.o
[76/172] Building CXX object CMakeFiles/test_fileprogress.dir/test/core/fileprogress_test.cpp.o
[77/172] Building CXX object CMakeFiles/test_chatlinestorage.dir/test/chatlog/chatlinestorage_test.cpp.o
FAILED: [code=1] CMakeFiles/test_chatlinestorage.dir/test/chatlog/chatlinestorage_test.cpp.o 
ccache /usr/bin/clang++ -DLOG_TO_FILE=1 -DQTOX_PLATFORM_EXT -DQT_CORE_LIB -DQT_DBUS_LIB -DQT_GUI_LIB -DQT_MESSAGELOGCONTEXT=1 -DQT_NETWORK_LIB -DQT_NO_CAST_FROM_BYTEARRAY -DQT_NO_CAST_TO_ASCII -DQT_NO_CONTEXTLESS_CONNECT -DQT_NO_DEBUG -DQT_NO_NARROWING_CONVERSIONS_IN_CONNECT -DQT_NO_URL_CAST_FROM_STRING -DQT_RESTRICTED_CAST_FROM_ASCII -DQT_SVG_LIB -DQT_TESTCASE_BUILDDIR=\"/home/user/Documents/Projects/Cpp/qTox/_build_clang_strict\" -DQT_TESTCASE_SOURCEDIR=\"/home/user/Documents/Projects/Cpp/qTox\" -DQT_TESTLIB_LIB -DQT_WIDGETS_LIB -DQT_XML_LIB -I/home/user/Documents/Projects/Cpp/qTox/_build_clang_strict/test_chatlinestorage_autogen/include -I/home/user/Documents/Projects/Cpp/qTox/_build_clang_strict -I/home/user/Documents/Projects/Cpp/qTox -I/usr/include/sqlcipher -I/usr/include/opus -I/usr/include/AL -I/home/user/Documents/Projects/Cpp/qTox/src/util/include -I/home/user/Documents/Projects/Cpp/qTox/src/audio/include -isystem /usr/include/qt6/QtCore -isystem /usr/include/qt6 -isystem /usr/lib/qt6/mkspecs/linux-g++ -isystem /usr/include/qt6/QtGui -isystem /usr/include/qt6/QtNetwork -isystem /usr/include/qt6/QtSvg -isystem /usr/include/qt6/QtWidgets -isystem /usr/include/qt6/QtXml -isystem /usr/include/qt6/QtDBus -isystem /usr/include/qt6/QtTest -fcolor-diagnostics -fno-exceptions -fstack-protector-all -fstack-clash-protection -fcf-protection=full -O2 -g -DNDEBUG -D_FORTIFY_SOURCE=3 -std=c++23 -fPIE -fno-direct-access-external-data -fno-common -fstrict-overflow -ftrapv -pedantic-errors -Wall -Wcast-align -Wdouble-promotion -Wextra -Wformat=2 -Wmissing-declarations -Wnon-virtual-dtor -Wnull-dereference -Wold-style-cast -Woverloaded-virtual -Wshadow -Wsign-compare -Wundef -Wuninitialized -Wmissing-variable-declarations -Wno-gnu-zero-variadic-macro-arguments -Werror -Wweak-vtables -Wdate-time -Wstack-protector -Wconversion -Wsign-conversion -Wimplicit-fallthrough -Wcast-qual -Wzero-as-null-pointer-constant -Wstrict-aliasing=2 -Walloca -Wvla -Winit-self -Wunreachable-code -Wunreachable-code-break -Wcovered-switch-default -Wcomma -Wextra-semi -Wthread-safety -Wdeprecated-copy-dtor -MD -MT CMakeFiles/test_chatlinestorage.dir/test/chatlog/chatlinestorage_test.cpp.o -MF CMakeFiles/test_chatlinestorage.dir/test/chatlog/chatlinestorage_test.cpp.o.d -o CMakeFiles/test_chatlinestorage.dir/test/chatlog/chatlinestorage_test.cpp.o -c /home/user/Documents/Projects/Cpp/qTox/test/chatlog/chatlinestorage_test.cpp
/home/user/Documents/Projects/Cpp/qTox/test/chatlog/chatlinestorage_test.cpp:155:72: error: implicit conversion changes signedness: 'int' to 'const unsigned long' [-Werror,-Wsign-conversion]
  155 |     for (auto idx = ChatLogIdx(initialStartIdx - 1); idx != ChatLogIdx(-1); idx = idx - 1) {
      |                                                             ~~~~~~~~~~ ^~
/home/user/Documents/Projects/Cpp/qTox/test/chatlog/chatlinestorage_test.cpp:292:41: error: implicit conversion changes signedness: 'size_type' (aka 'unsigned long') to 'difference_type' (aka 'long') [-Werror,-Wsign-conversion]
  292 |     auto it = storage.begin() + storage.size() - 2;
      |                               ~ ~~~~~~~~^~~~~~
/home/user/Documents/Projects/Cpp/qTox/test/chatlog/chatlinestorage_test.cpp:300:36: error: implicit conversion changes signedness: 'size_type' (aka 'unsigned long') to 'difference_type' (aka 'long') [-Werror,-Wsign-conversion]
  300 |     it = storage.begin() + storage.size() - 1;
      |                          ~ ~~~~~~~~^~~~~~
3 errors generated.
[78/172] Building CXX object CMakeFiles/qtox.dir/qtox_autogen/P4SSM3QMYQ/qrc_emoticons.cpp.o
[79/172] Building CXX object CMakeFiles/test_toxid.dir/test/core/toxid_test.cpp.o
[80/172] Building CXX object CMakeFiles/test_chatid.dir/test/core/chatid_test.cpp.o
[81/172] Building CXX object CMakeFiles/test_chatlinecontentproxy.dir/test/chatlog/chatlinecontentproxy_test.cpp.o
[82/172] Building CXX object CMakeFiles/test_toxfile.dir/test/core/toxfile_test.cpp.o
[83/172] Building CXX object CMakeFiles/test_text.dir/test/chatlog/text_test.cpp.o
[84/172] Building CXX object CMakeFiles/test_toxstring.dir/test/core/toxstring_test.cpp.o
[85/172] Building CXX object CMakeFiles/test_textformatter.dir/test/chatlog/textformatter_test.cpp.o
[86/172] Building CXX object CMakeFiles/test_bsu.dir/test/net/bsu_test.cpp.o
[87/172] Building CXX object CMakeFiles/test_core.dir/test/core/core_test.cpp.o
[88/172] Building CXX object CMakeFiles/test_smileypack.dir/test_smileypack_autogen/P4SSM3QMYQ/qrc_emoticons.cpp.o
[89/172] Building CXX object CMakeFiles/test_chatwidget.dir/test/chatlog/chatwidget_test.cpp.o
[90/172] Building CXX object CMakeFiles/qtox.dir/qtox_autogen/E7GIPS6GAE/qrc_emoticons.cpp.o
[91/172] Building CXX object CMakeFiles/test_smileypack.dir/test/persistence/smileypack_test.cpp.o
[92/172] Building CXX object CMakeFiles/test_smileypack.dir/test_smileypack_autogen/E7GIPS6GAE/qrc_emoticons.cpp.o
ninja: build stopped: subcommand failed.
